uv run python scripts/check_repository.py
OK: all 72 required paths are present.
uv run python scripts/check_forbidden_files.py
OK: no forbidden paths found.
uv run python scripts/verify_versions.py
OK: all version sources are consistent.
uv run ruff format --check .
13 files already formatted
npm run format:check

> epd2-civic-os@0.1.0 format:check
> prettier --check .

Checking formatting...
All matched files use Prettier code style!
uv run ruff check .
All checks passed!
npm run lint --workspace=frontend/web-shell

> web-shell@0.1.0 lint
> eslint .

uv run mypy .
Success: no issues found in 13 source files
npm run typecheck --workspace=packages/typescript/epd2-types

> epd2-types@0.1.0 typecheck
> tsc --noEmit

npm run typecheck --workspace=frontend/web-shell

> web-shell@0.1.0 typecheck
> tsc --noEmit

uv run pytest
============================= test session starts ==============================
platform linux -- Python 3.12.13, pytest-8.4.2, pluggy-1.6.0
rootdir: /home/runner/work/epd2-civic-os/epd2-civic-os
configfile: pyproject.toml
testpaths: packages/python/epd2-core/tests, tests/repository
plugins: cov-5.0.0
collected 14 items

packages/python/epd2-core/tests/test_identifiers.py .......              [ 50%]
packages/python/epd2-core/tests/test_version.py ...                      [ 71%]
tests/repository/test_forbidden_paths.py .                               [ 78%]
tests/repository/test_required_files.py ..                               [ 92%]
tests/repository/test_version_consistency.py .                           [100%]

============================== 14 passed in 0.05s ==============================
npm run test --workspace=packages/typescript/epd2-types

> epd2-types@0.1.0 test
> node --import tsx --test tests/**/*.test.ts

TAP version 13
# Subtest: CANON_VERSION is a semver-like string
ok 1 - CANON_VERSION is a semver-like string
  ---
  duration_ms: 0.94685
  type: 'test'
  ...
# Subtest: REPOSITORY_VERSION is a semver-like string
ok 2 - REPOSITORY_VERSION is a semver-like string
  ---
  duration_ms: 0.160009
  type: 'test'
  ...
# Subtest: current versions match the expected skeleton version
ok 3 - current versions match the expected skeleton version
  ---
  duration_ms: 0.130173
  type: 'test'
  ...
1..3
# tests 3
# suites 0
# pass 3
# fail 0
# cancelled 0
# skipped 0
# todo 0
# duration_ms 177.200903
npm run test --workspace=frontend/web-shell

> web-shell@0.1.0 test
> node --import tsx --test tests/**/*.test.ts

TAP version 13
# Subtest: home page renders the required EPD² Civic OS heading
ok 1 - home page renders the required EPD² Civic OS heading
  ---
  duration_ms: 0.837675
  type: 'test'
  ...
# Subtest: home page does not reference forbidden concerns
ok 2 - home page does not reference forbidden concerns
  ---
  duration_ms: 0.202899
  type: 'test'
  ...
1..2
# tests 2
# suites 0
# pass 2
# fail 0
# cancelled 0
# skipped 0
# todo 0
# duration_ms 184.453764
npm run build --workspace=frontend/web-shell

> web-shell@0.1.0 build
> next build

⚠ No build cache found. Please configure build caching for faster rebuilds. Read more: https://nextjs.org/docs/messages/no-cache
Attention: Next.js now collects completely anonymous telemetry regarding usage.
This information is used to shape Next.js' roadmap and prioritize features.
You can learn more, including how to opt-out if you'd not like to participate in this anonymous program, by visiting the following URL:
https://nextjs.org/telemetry

   ▲ Next.js 15.5.21

   Creating an optimized production build ...
 ✓ Compiled successfully in 4.3s
   Linting and checking validity of types ...
   Collecting page data ...
   Generating static pages (0/4) ...
   Generating static pages (1/4) 
   Generating static pages (2/4) 
   Generating static pages (3/4) 
 ✓ Generating static pages (4/4)
   Finalizing page optimization ...
   Collecting build traces ...

Route (app)                                 Size  First Load JS
┌ ○ /                                      122 B         103 kB
└ ○ /_not-found                            987 B         103 kB
+ First Load JS shared by all             102 kB
  ├ chunks/18-ff6a2aec3d6a1486.js        46.3 kB
  ├ chunks/87c73c54-24122e7b92478d00.js  54.2 kB
  └ other shared chunks (total)           1.9 kB


○  (Static)  prerendered as static content

